({'version': '2024-11-18', 'output_prefix': 'RFEP_decouple', 'units': '', 'smp': 'on', 'colvarsTrajFrequency': '20', 'colvarsRestartFrequency': '20000', 'scriptedColvarForces': 'off', 'scriptingAfterBiases': 'off', 'sourceTclFile': '', 'traj_file': 'RFEP_decouple.colvars.traj'}, [{'children': [{'key': 'distance', 'children': [{'key': 'group1', 'children': [], 'name': '', 'centerToOrigin': 'off', 'centerToReference': 'off', 'rotateToReference': 'off', 'atomsOfGroup': '', 'indexGroup': '', 'psfSegID': '', 'atomsFile': '', 'dummyAtom': '( 0 , 0 , 0 )', 'enableFitGradients': 'on', 'printAtomIDs': 'off'}, {'key': 'group2', 'children': [], 'name': '', 'centerToOrigin': 'off', 'centerToReference': 'off', 'rotateToReference': 'off', 'atomsOfGroup': '', 'indexGroup': '', 'psfSegID': '', 'atomsFile': '', 'dummyAtom': '( 0 , 0 , 0 )', 'enableFitGradients': 'on', 'printAtomIDs': 'off', 'oneSiteSystemForce': 'off', 'oneSiteTotalForce': 'off', 'timeStepFactor': '1', 'width': '1', 'lowerBoundary': '0', 'upperBoundary': '1', 'hardLowerBoundary': 'on', 'hardUpperBoundary': 'off', 'expandBoundaries': 'off', 'extendedLagrangian': 'off', 'outputValue': 'on', 'outputVelocity': 'off', 'outputTotalForce': 'off', 'outputAppliedForce': 'off', 'subtractAppliedForce': 'off', 'runAve': 'off', 'corrFunc': 'off'}], 'name': '', 'componentCoeff': '1', 'componentExp': '1', 'period': '0', 'wrapAround': '0', 'forceNoPBC': 'off', 'scalable': 'on'}], 'name': 'd'}], [{'key': 'harmonicwalls', 'name': 'harmonicwalls1', 'colvars': '{ d }', 'stepZeroData': 'off', 'outputEnergy': 'on', 'outputFreq': '20000', 'timeStepFactor': '1', 'writeTISamples': 'off', 'writeTIPMF': 'off', 'forceConstant': '20', 'decoupling': 'on', 'targetForceConstant': '20', 'targetNumSteps': '4000', 'targetNumStages': '25', 'outputAccumulatedWork': 'off', 'targetEquilSteps': '500', 'lambdaSchedule': '', 'lambdaExponent': '4', 'lowerWalls': '{ 0 }', 'upperWalls': '{ 5 }', 'upperWallConstant': '20'}], {'harmonicwalls1': {'stage': [0, 1, 2, 3, 4, 5, 6, 7, 8, 9, 10, 11, 12, 13, 14, 15, 16, 17, 18, 19, 20, 21, 22, 23, 24, 25], 'L': [1.0, 0.96, 0.92, 0.88, 0.84, 0.8, 0.76, 0.72, 0.68, 0.64, 0.6, 0.56, 0.52, 0.48, 0.44, 0.4, 0.36, 0.32, 0.28, 0.24, 0.2, 0.16, 0.12, 0.08, 0.04, 0.0], 'k': [20.0, 16.9869, 14.3279, 11.9939, 9.95743, 8.192, 6.67244, 5.37477, 4.27628, 3.35544, 2.592, 1.9669, 1.46232, 1.06168, 0.749619, 0.512, 0.335923, 0.209715, 0.122931, 0.0663552, 0.032, 0.0131072, 0.0041472, 0.0008192, 5.12e-05, 0.0], 'dAdL': [3.00383, 0.500184, 0.539402, 1.10094, 2.12087, 1.43957, 2.39967, 2.74261, 0.924973, 0.646252, 3.15208, 0.469077, 0.592354, 1.03813, 1.59411, 0.639716, 0.619184, 0.294177, 0.632555, 0.0950392, 0.0500442, 0.061285, 0.0233546, 0.00983861, 0.00124463, nan]}})
