[{'children': [{'children': [{'atomsFile': '', 'atomsOfGroup': '', 'centerToOrigin': 'off', 'centerToReference': 'off', 'children': [], 'dummyAtom': '( 0 , 0 , 0 )', 'enableFitGradients': 'on', 'indexGroup': '', 'key': 'group1', 'name': '', 'printAtomIDs': 'off', 'psfSegID': '', 'rotateToReference': 'off'}, {'atomsFile': '', 'atomsOfGroup': '', 'centerToOrigin': 'off', 'centerToReference': 'off', 'children': [], 'corrFunc': 'off', 'dummyAtom': '( 0 , 0 , 0 )', 'enableFitGradients': 'on', 'expandBoundaries': 'off', 'extendedLagrangian': 'off', 'hardLowerBoundary': 'on', 'hardUpperBoundary': 'off', 'indexGroup': '', 'key': 'group2', 'lowerBoundary': '0', 'name': '', 'oneSiteSystemForce': 'off', 'oneSiteTotalForce': 'off', 'outputAppliedForce': 'off', 'outputTotalForce': 'off', 'outputValue': 'on', 'outputVelocity': 'off', 'printAtomIDs': 'off', 'psfSegID': '', 'rotateToReference': 'off', 'runAve': 'off', 'subtractAppliedForce': 'off', 'timeStepFactor': '1', 'upperBoundary': '1', 'width': '1'}], 'componentCoeff': '1', 'componentExp': '1', 'forceNoPBC': 'off', 'key': 'distance', 'name': '', 'period': '0', 'scalable': 'on', 'wrapAround': '0'}], 'name': 'd'}]
