[{'key': 'harmonicwalls', 'name': 'harmonicwalls1', 'colvars': '{ d }', 'stepZeroData': 'off', 'outputEnergy': 'on', 'outputFreq': '20000', 'timeStepFactor': '1', 'writeTISamples': 'off', 'writeTIPMF': 'off', 'forceConstant': '20', 'decoupling': 'on', 'targetForceConstant': '20', 'targetNumSteps': '4000', 'targetNumStages': '25', 'outputAccumulatedWork': 'off', 'targetEquilSteps': '500', 'lambdaSchedule': '', 'lambdaExponent': '4', 'lowerWalls': '{ 0 }', 'upperWalls': '{ 5 }', 'upperWallConstant': '20'}]
